// Jest Snapshot v1, https://goo.gl/fbAQLP

exports[`emitter The listener should not be called if the event name is different 1`] = `
Object {
  "body": Array [],
  "childNodes": Array [
    Object {
      "end": 15,
      "loc": Object {
        "end": Object {
          "column": 16,
          "line": 1,
        },
        "start": Object {
          "column": 1,
          "line": 1,
        },
      },
      "name": "html",
      "publicId": "",
      "range": Array [
        0,
        15,
      ],
      "start": 0,
      "systemId": "",
      "type": "#documentType",
    },
    Object {
      "attrs": Array [],
      "childNodes": Array [
        Object {
          "attrs": Array [],
          "end": 0,
          "loc": Object {
            "end": Object {
              "column": 0,
              "line": 0,
            },
            "start": Object {
              "column": 0,
              "line": 0,
            },
          },
          "namespaceURI": "http://www.w3.org/1999/xhtml",
          "range": Array [
            0,
            0,
          ],
          "start": 0,
          "tagName": "head",
          "type": "head",
        },
        Object {
          "attrs": Array [],
          "childNodes": Array [
            Object {
              "end": 36,
              "loc": Object {
                "end": Object {
                  "column": 5,
                  "line": 4,
                },
                "start": Object {
                  "column": 9,
                  "line": 3,
                },
              },
              "range": Array [
                31,
                36,
              ],
              "start": 31,
              "type": "#text",
              "value": "
    ",
            },
            Object {
              "attrs": Array [],
              "childNodes": Array [
                Object {
                  "end": 56,
                  "loc": Object {
                    "end": Object {
                      "column": 25,
                      "line": 4,
                    },
                    "start": Object {
                      "column": 9,
                      "line": 4,
                    },
                  },
                  "range": Array [
                    40,
                    56,
                  ],
                  "start": 40,
                  "type": "#text",
                  "value": "My First Heading",
                },
              ],
              "end": 61,
              "loc": Object {
                "end": Object {
                  "column": 30,
                  "line": 4,
                },
                "start": Object {
                  "column": 5,
                  "line": 4,
                },
              },
              "namespaceURI": "http://www.w3.org/1999/xhtml",
              "range": Array [
                36,
                61,
              ],
              "start": 36,
              "tagName": "h1",
              "type": "h1",
            },
            Object {
              "end": 64,
              "loc": Object {
                "end": Object {
                  "column": 3,
                  "line": 5,
                },
                "start": Object {
                  "column": 30,
                  "line": 4,
                },
              },
              "range": Array [
                61,
                64,
              ],
              "start": 61,
              "type": "#text",
              "value": "
  ",
            },
            Object {
              "attrs": Array [],
              "childNodes": Array [
                Object {
                  "end": 86,
                  "loc": Object {
                    "end": Object {
                      "column": 25,
                      "line": 5,
                    },
                    "start": Object {
                      "column": 6,
                      "line": 5,
                    },
                  },
                  "range": Array [
                    67,
                    86,
                  ],
                  "start": 67,
                  "type": "#text",
                  "value": "My first paragraph.",
                },
                Object {
                  "attrs": Array [],
                  "end": 93,
                  "loc": Object {
                    "end": Object {
                      "column": 32,
                      "line": 5,
                    },
                    "start": Object {
                      "column": 25,
                      "line": 5,
                    },
                  },
                  "namespaceURI": "http://www.w3.org/1999/xhtml",
                  "range": Array [
                    86,
                    93,
                  ],
                  "start": 86,
                  "tagName": "u",
                  "type": "u",
                },
              ],
              "end": 97,
              "loc": Object {
                "end": Object {
                  "column": 36,
                  "line": 5,
                },
                "start": Object {
                  "column": 3,
                  "line": 5,
                },
              },
              "namespaceURI": "http://www.w3.org/1999/xhtml",
              "range": Array [
                64,
                97,
              ],
              "start": 64,
              "tagName": "p",
              "type": "p",
            },
            Object {
              "end": 114,
              "loc": Object {
                "end": Object {
                  "column": 1,
                  "line": 8,
                },
                "start": Object {
                  "column": 36,
                  "line": 5,
                },
              },
              "range": Array [
                97,
                114,
              ],
              "start": 97,
              "type": "#text",
              "value": "


",
            },
          ],
          "end": 114,
          "loc": Object {
            "end": Object {
              "column": 1,
              "line": 8,
            },
            "start": Object {
              "column": 3,
              "line": 3,
            },
          },
          "namespaceURI": "http://www.w3.org/1999/xhtml",
          "range": Array [
            25,
            114,
          ],
          "start": 25,
          "tagName": "body",
          "type": "body",
        },
      ],
      "end": 114,
      "loc": Object {
        "end": Object {
          "column": 1,
          "line": 8,
        },
        "start": Object {
          "column": 1,
          "line": 2,
        },
      },
      "namespaceURI": "http://www.w3.org/1999/xhtml",
      "range": Array [
        16,
        114,
      ],
      "start": 16,
      "tagName": "html",
      "type": "html",
    },
  ],
  "comments": Array [],
  "end": 114,
  "loc": Object {
    "end": Object {
      "column": 1,
      "line": 8,
    },
    "start": Object {
      "column": 1,
      "line": 1,
    },
  },
  "mode": "no-quirks",
  "range": Array [
    0,
    114,
  ],
  "start": 0,
  "tokens": Array [],
  "type": "Program",
}
`;
