// Jest Snapshot v1, https://goo.gl/fbAQLP

exports[`NodeConverter toNode() Should convert parse5 node to es format 1`] = `
Object {
  "attrs": Array [],
  "body": Array [],
  "childNodes": Array [],
  "comments": Array [],
  "end": undefined,
  "endTag": null,
  "loc": Object {
    "end": Object {
      "column": undefined,
      "line": undefined,
    },
    "start": Object {
      "column": undefined,
      "line": undefined,
    },
  },
  "mode": "quirks",
  "range": Array [
    undefined,
    undefined,
  ],
  "start": undefined,
  "startTag": null,
  "tokens": Array [],
  "type": "Program",
}
`;

exports[`NodeConverter toNode() Should convert parse5 node to es format 2`] = `
Object {
  "attrs": Array [],
  "childNodes": Array [],
  "end": 26,
  "endTag": null,
  "lineNodes": Array [
    Object {
      "end": 15,
      "loc": Object {
        "end": Object {
          "column": 1,
          "line": 2,
        },
        "start": Object {
          "column": 1,
          "line": 2,
        },
      },
      "range": Array [
        15,
        15,
      ],
      "start": 15,
      "textLine": "",
    },
    Object {
      "end": 20,
      "loc": Object {
        "end": Object {
          "column": 3,
          "line": 3,
        },
        "start": Object {
          "column": 3,
          "line": 3,
        },
      },
      "range": Array [
        18,
        18,
      ],
      "start": 18,
      "textLine": "  ",
    },
    Object {
      "end": 19,
      "loc": Object {
        "end": Object {
          "column": 1,
          "line": 4,
        },
        "start": Object {
          "column": 1,
          "line": 4,
        },
      },
      "range": Array [
        19,
        19,
      ],
      "start": 19,
      "textLine": "",
    },
  ],
  "loc": Object {
    "end": Object {
      "column": 1,
      "line": 4,
    },
    "start": Object {
      "column": 9,
      "line": 2,
    },
  },
  "range": Array [
    15,
    26,
  ],
  "start": 15,
  "startTag": null,
  "type": "text",
  "value": "
  
",
}
`;
