// Jest Snapshot v1, https://goo.gl/fbAQLP

exports[`parser base 1`] = `
Object {
  "body": Array [],
  "childNodes": Array [
    Object {
      "attrs": Array [],
      "childNodes": Array [
        Object {
          "attrs": Array [],
          "end": 0,
          "loc": Object {
            "end": Object {
              "column": 0,
              "line": 0,
            },
            "start": Object {
              "column": 0,
              "line": 0,
            },
          },
          "namespaceURI": "http://www.w3.org/1999/xhtml",
          "range": Array [
            0,
            0,
          ],
          "start": 0,
          "tagName": "head",
          "type": "head",
        },
        Object {
          "attrs": Array [],
          "end": 0,
          "loc": Object {
            "end": Object {
              "column": 0,
              "line": 0,
            },
            "start": Object {
              "column": 0,
              "line": 0,
            },
          },
          "namespaceURI": "http://www.w3.org/1999/xhtml",
          "range": Array [
            0,
            0,
          ],
          "start": 0,
          "tagName": "body",
          "type": "body",
        },
      ],
      "end": undefined,
      "loc": Object {
        "end": Object {
          "column": undefined,
          "line": undefined,
        },
        "start": Object {
          "column": undefined,
          "line": undefined,
        },
      },
      "namespaceURI": "http://www.w3.org/1999/xhtml",
      "range": Array [
        undefined,
        undefined,
      ],
      "start": undefined,
      "tagName": "html",
      "type": "html",
    },
  ],
  "comments": Array [],
  "end": undefined,
  "loc": Object {
    "end": Object {
      "column": undefined,
      "line": undefined,
    },
    "start": Object {
      "column": undefined,
      "line": undefined,
    },
  },
  "mode": "quirks",
  "range": Array [
    undefined,
    undefined,
  ],
  "start": undefined,
  "tokens": Array [],
  "type": "Program",
}
`;
